==============================================================================
UI Test :: To validate the Login form                                         
==============================================================================
Veify the end to end ecommerce Product purchase process               | PASS |
------------------------------------------------------------------------------
UI Test :: To validate the Login form                                 | PASS |
1 test, 1 passed, 0 failed
==============================================================================
Output:  C:\UI-Automation-Robot-framework\tests\pabot_results\1\output.xml
