==============================================================================
UI Test :: To validate the Login form                                         
==============================================================================
Verify user is able to fillup the login form                          | PASS |
------------------------------------------------------------------------------
UI Test :: To validate the Login form                                 | PASS |
1 test, 1 passed, 0 failed
==============================================================================
Output:  C:\UI-Automation-Robot-framework\tests\pabot_results\2\output.xml
